>>> ANALYZING ALL PC DISTRIBUTIONS FOR HIGH CONFIDENCE SAMPLES (CLUSTER 3)...
   -> confidence_threshold = 0.95
   -> output_dir = results/06_cluster3_all_pcs_kde_allpcs
   -> Cluster 3 samples: 3050 / 3506
   -> Case samples (Cluster 3): 397
   -> Control samples (Cluster 3): 2653
   -> Total PCs to analyze: 20
   -> Running statistical tests...
   -> Applying FDR correction (Benjamini-Hochberg method) to all tests...
   -> FDR correction complete.
      • Significant by t-test: 2 PC(s)
      • Significant by Mann-Whitney U: 3 PC(s)
================================================================================
                   ALL PC DISTRIBUTION STATISTICS - CLUSTER 3                   
================================================================================

PC1 (39.1%) Statistics:
  AGP3K (n=2653):
    Mean:   0.0060  |  Std:   0.0072
    Min:   -0.0167  |  Max:   0.0247
  CTEPH (n=397):
    Mean:   0.0065  |  Std:   0.0045
    Min:   -0.0075  |  Max:   0.0191
  Difference (CTEPH - AGP3K):   0.0005

PC2 (7.4%) Statistics:
  AGP3K (n=2653):
    Mean:   0.0028  |  Std:   0.0084
    Min:   -0.0308  |  Max:   0.0232
  CTEPH (n=397):
    Mean:   0.0033  |  Std:   0.0045
    Min:   -0.0112  |  Max:   0.0185
  Difference (CTEPH - AGP3K):   0.0005

PC3 (5.2%) Statistics:
  AGP3K (n=2653):
    Mean:   0.0001  |  Std:   0.0027
    Min:   -0.0091  |  Max:   0.0100
  CTEPH (n=397):
    Mean:   0.0003  |  Std:   0.0024
    Min:   -0.0064  |  Max:   0.0061
  Difference (CTEPH - AGP3K):   0.0002

PC4 (4.3%) Statistics:
  AGP3K (n=2653):
    Mean:   0.0000  |  Std:   0.0026
    Min:   -0.0102  |  Max:   0.0105
  CTEPH (n=397):
    Mean:   0.0000  |  Std:   0.0025
    Min:   -0.0067  |  Max:   0.0071
  Difference (CTEPH - AGP3K):   0.0000

PC5 (4.0%) Statistics:
  AGP3K (n=2653):
    Mean:   0.0001  |  Std:   0.0026
    Min:   -0.0114  |  Max:   0.0090
  CTEPH (n=397):
    Mean:  -0.0001  |  Std:   0.0025
    Min:   -0.0073  |  Max:   0.0079
  Difference (CTEPH - AGP3K):  -0.0002

PC6 (3.6%) Statistics:
  AGP3K (n=2653):
    Mean:   0.0001  |  Std:   0.0027
    Min:   -0.0105  |  Max:   0.0093
  CTEPH (n=397):
    Mean:  -0.0000  |  Std:   0.0026
    Min:   -0.0093  |  Max:   0.0069
  Difference (CTEPH - AGP3K):  -0.0001

PC7 (3.2%) Statistics:
  AGP3K (n=2653):
    Mean:  -0.0012  |  Std:   0.0050
    Min:   -0.0336  |  Max:   0.0135
  CTEPH (n=397):
    Mean:   0.0006  |  Std:   0.0030
    Min:   -0.0137  |  Max:   0.0086
  Difference (CTEPH - AGP3K):   0.0019

PC8 (3.0%) Statistics:
  AGP3K (n=2653):
    Mean:   0.0003  |  Std:   0.0030
    Min:   -0.0090  |  Max:   0.0128
  CTEPH (n=397):
    Mean:   0.0000  |  Std:   0.0028
    Min:   -0.0082  |  Max:   0.0090
  Difference (CTEPH - AGP3K):  -0.0002

PC9 (2.9%) Statistics:
  AGP3K (n=2653):
    Mean:   0.0001  |  Std:   0.0043
    Min:   -0.0117  |  Max:   0.0311
  CTEPH (n=397):
    Mean:  -0.0007  |  Std:   0.0042
    Min:   -0.0102  |  Max:   0.0157
  Difference (CTEPH - AGP3K):  -0.0008

PC10 (2.7%) Statistics:
  AGP3K (n=2653):
    Mean:  -0.0005  |  Std:   0.0042
    Min:   -0.0224  |  Max:   0.0137
  CTEPH (n=397):
    Mean:  -0.0007  |  Std:   0.0035
    Min:   -0.0128  |  Max:   0.0079
  Difference (CTEPH - AGP3K):  -0.0002

PC11 (2.6%) Statistics:
  AGP3K (n=2653):
    Mean:   0.0001  |  Std:   0.0031
    Min:   -0.0110  |  Max:   0.0136
  CTEPH (n=397):
    Mean:  -0.0001  |  Std:   0.0030
    Min:   -0.0077  |  Max:   0.0088
  Difference (CTEPH - AGP3K):  -0.0001

PC12 (2.6%) Statistics:
  AGP3K (n=2653):
    Mean:   0.0001  |  Std:   0.0040
    Min:   -0.0166  |  Max:   0.0118
  CTEPH (n=397):
    Mean:   0.0003  |  Std:   0.0037
    Min:   -0.0138  |  Max:   0.0086
  Difference (CTEPH - AGP3K):   0.0002

PC13 (2.6%) Statistics:
  AGP3K (n=2653):
    Mean:   0.0000  |  Std:   0.0031
    Min:   -0.0107  |  Max:   0.0116
  CTEPH (n=397):
    Mean:  -0.0001  |  Std:   0.0029
    Min:   -0.0084  |  Max:   0.0071
  Difference (CTEPH - AGP3K):  -0.0001

PC14 (2.5%) Statistics:
  AGP3K (n=2653):
    Mean:  -0.0000  |  Std:   0.0041
    Min:   -0.0169  |  Max:   0.0338
  CTEPH (n=397):
    Mean:  -0.0000  |  Std:   0.0037
    Min:   -0.0117  |  Max:   0.0096
  Difference (CTEPH - AGP3K):   0.0000

PC15 (2.5%) Statistics:
  AGP3K (n=2653):
    Mean:   0.0001  |  Std:   0.0039
    Min:   -0.0325  |  Max:   0.0161
  CTEPH (n=397):
    Mean:   0.0003  |  Std:   0.0037
    Min:   -0.0078  |  Max:   0.0134
  Difference (CTEPH - AGP3K):   0.0003

PC16 (2.4%) Statistics:
  AGP3K (n=2653):
    Mean:  -0.0000  |  Std:   0.0039
    Min:   -0.0108  |  Max:   0.0438
  CTEPH (n=397):
    Mean:  -0.0005  |  Std:   0.0038
    Min:   -0.0096  |  Max:   0.0137
  Difference (CTEPH - AGP3K):  -0.0005

PC17 (2.4%) Statistics:
  AGP3K (n=2653):
    Mean:   0.0000  |  Std:   0.0040
    Min:   -0.0140  |  Max:   0.0324
  CTEPH (n=397):
    Mean:   0.0005  |  Std:   0.0038
    Min:   -0.0098  |  Max:   0.0106
  Difference (CTEPH - AGP3K):   0.0005

PC18 (2.4%) Statistics:
  AGP3K (n=2653):
    Mean:  -0.0001  |  Std:   0.0039
    Min:   -0.0207  |  Max:   0.0151
  CTEPH (n=397):
    Mean:  -0.0004  |  Std:   0.0036
    Min:   -0.0115  |  Max:   0.0095
  Difference (CTEPH - AGP3K):  -0.0003

PC19 (2.4%) Statistics:
  AGP3K (n=2653):
    Mean:  -0.0001  |  Std:   0.0039
    Min:   -0.0469  |  Max:   0.0126
  CTEPH (n=397):
    Mean:   0.0002  |  Std:   0.0034
    Min:   -0.0116  |  Max:   0.0097
  Difference (CTEPH - AGP3K):   0.0003

PC20 (2.4%) Statistics:
  AGP3K (n=2653):
    Mean:   0.0001  |  Std:   0.0038
    Min:   -0.0187  |  Max:   0.0162
  CTEPH (n=397):
    Mean:  -0.0001  |  Std:   0.0037
    Min:   -0.0116  |  Max:   0.0098
  Difference (CTEPH - AGP3K):  -0.0002
================================================================================

>>> STATISTICAL TESTING (CTEPH vs AGP3K - Cluster 3) - ALL PCs
>>> FDR Correction Applied: Benjamini-Hochberg Method (alpha=0.05)

--- PC1 (39.1%) Analysis ---
  Welch's t-test (Mean):
    t-statistic:          1.7335
    p-value (raw):      8.3431e-02
    p-value (FDR-adj):  2.7483e-01
    Significant:        No
  Mann-Whitney U (Rank Sum):
    U-statistic:        527419.5000
    p-value (raw):      9.6108e-01
    p-value (FDR-adj):  9.6374e-01
    Significant:        No

--- PC2 (7.4%) Analysis ---
  Welch's t-test (Mean):
    t-statistic:          1.6145
    p-value (raw):      1.0678e-01
    p-value (FDR-adj):  2.7483e-01
    Significant:        No
  Mann-Whitney U (Rank Sum):
    U-statistic:        475594.5000
    p-value (raw):      1.8201e-03
    p-value (FDR-adj):  1.2134e-02
    Significant:        Yes **

--- PC3 (5.2%) Analysis ---
  Welch's t-test (Mean):
    t-statistic:          1.3906
    p-value (raw):      1.6490e-01
    p-value (FDR-adj):  2.7483e-01
    Significant:        No
  Mann-Whitney U (Rank Sum):
    U-statistic:        551494.0000
    p-value (raw):      1.2852e-01
    p-value (FDR-adj):  2.9996e-01
    Significant:        No

--- PC4 (4.3%) Analysis ---
  Welch's t-test (Mean):
    t-statistic:          0.2431
    p-value (raw):      8.0799e-01
    p-value (FDR-adj):  8.5051e-01
    Significant:        No
  Mann-Whitney U (Rank Sum):
    U-statistic:        525876.0000
    p-value (raw):      9.6374e-01
    p-value (FDR-adj):  9.6374e-01
    Significant:        No

--- PC5 (4.0%) Analysis ---
  Welch's t-test (Mean):
    t-statistic:         -1.4945
    p-value (raw):      1.3564e-01
    p-value (FDR-adj):  2.7483e-01
    Significant:        No
  Mann-Whitney U (Rank Sum):
    U-statistic:        503442.0000
    p-value (raw):      1.5666e-01
    p-value (FDR-adj):  2.9996e-01
    Significant:        No

--- PC6 (3.6%) Analysis ---
  Welch's t-test (Mean):
    t-statistic:         -0.8859
    p-value (raw):      3.7608e-01
    p-value (FDR-adj):  4.4244e-01
    Significant:        No
  Mann-Whitney U (Rank Sum):
    U-statistic:        513723.0000
    p-value (raw):      4.3062e-01
    p-value (FDR-adj):  5.3828e-01
    Significant:        No

--- PC7 (3.2%) Analysis ---
  Welch's t-test (Mean):
    t-statistic:         10.2198
    p-value (raw):      4.4843e-23
    p-value (FDR-adj):  8.9687e-22
    Significant:        Yes **
  Mann-Whitney U (Rank Sum):
    U-statistic:        653278.5000
    p-value (raw):      9.9478e-15
    p-value (FDR-adj):  1.9896e-13
    Significant:        Yes **

--- PC8 (3.0%) Analysis ---
  Welch's t-test (Mean):
    t-statistic:         -1.5369
    p-value (raw):      1.2489e-01
    p-value (FDR-adj):  2.7483e-01
    Significant:        No
  Mann-Whitney U (Rank Sum):
    U-statistic:        503696.0000
    p-value (raw):      1.6125e-01
    p-value (FDR-adj):  2.9996e-01
    Significant:        No

--- PC9 (2.9%) Analysis ---
  Welch's t-test (Mean):
    t-statistic:         -3.5713
    p-value (raw):      3.8757e-04
    p-value (FDR-adj):  3.8757e-03
    Significant:        Yes **
  Mann-Whitney U (Rank Sum):
    U-statistic:        455313.5000
    p-value (raw):      1.3157e-05
    p-value (FDR-adj):  1.3157e-04
    Significant:        Yes **

--- PC10 (2.7%) Analysis ---
  Welch's t-test (Mean):
    t-statistic:         -1.1815
    p-value (raw):      2.3787e-01
    p-value (FDR-adj):  3.6595e-01
    Significant:        No
  Mann-Whitney U (Rank Sum):
    U-statistic:        490820.0000
    p-value (raw):      2.8691e-02
    p-value (FDR-adj):  9.5637e-02
    Significant:        No

--- PC11 (2.6%) Analysis ---
  Welch's t-test (Mean):
    t-statistic:         -0.8999
    p-value (raw):      3.6860e-01
    p-value (FDR-adj):  4.4244e-01
    Significant:        No
  Mann-Whitney U (Rank Sum):
    U-statistic:        508324.5000
    p-value (raw):      2.6356e-01
    p-value (FDR-adj):  3.7651e-01
    Significant:        No

--- PC12 (2.6%) Analysis ---
  Welch's t-test (Mean):
    t-statistic:          1.0132
    p-value (raw):      3.1143e-01
    p-value (FDR-adj):  4.1525e-01
    Significant:        No
  Mann-Whitney U (Rank Sum):
    U-statistic:        540486.0000
    p-value (raw):      3.9684e-01
    p-value (FDR-adj):  5.2912e-01
    Significant:        No

--- PC13 (2.6%) Analysis ---
  Welch's t-test (Mean):
    t-statistic:         -0.4041
    p-value (raw):      6.8628e-01
    p-value (FDR-adj):  7.6253e-01
    Significant:        No
  Mann-Whitney U (Rank Sum):
    U-statistic:        516592.5000
    p-value (raw):      5.4003e-01
    p-value (FDR-adj):  6.3533e-01
    Significant:        No

--- PC14 (2.5%) Analysis ---
  Welch's t-test (Mean):
    t-statistic:          0.1697
    p-value (raw):      8.6534e-01
    p-value (FDR-adj):  8.6534e-01
    Significant:        No
  Mann-Whitney U (Rank Sum):
    U-statistic:        531869.5000
    p-value (raw):      7.4841e-01
    p-value (FDR-adj):  8.3157e-01
    Significant:        No

--- PC15 (2.5%) Analysis ---
  Welch's t-test (Mean):
    t-statistic:          1.4317
    p-value (raw):      1.5282e-01
    p-value (FDR-adj):  2.7483e-01
    Significant:        No
  Mann-Whitney U (Rank Sum):
    U-statistic:        549343.0000
    p-value (raw):      1.6498e-01
    p-value (FDR-adj):  2.9996e-01
    Significant:        No

--- PC16 (2.4%) Analysis ---
  Welch's t-test (Mean):
    t-statistic:         -2.4444
    p-value (raw):      1.4833e-02
    p-value (FDR-adj):  9.1520e-02
    Significant:        No
  Mann-Whitney U (Rank Sum):
    U-statistic:        488799.0000
    p-value (raw):      2.0821e-02
    p-value (FDR-adj):  8.3286e-02
    Significant:        No

--- PC17 (2.4%) Analysis ---
  Welch's t-test (Mean):
    t-statistic:          2.3666
    p-value (raw):      1.8304e-02
    p-value (FDR-adj):  9.1520e-02
    Significant:        No
  Mann-Whitney U (Rank Sum):
    U-statistic:        568549.0000
    p-value (raw):      1.0402e-02
    p-value (FDR-adj):  5.2009e-02
    Significant:        No

--- PC18 (2.4%) Analysis ---
  Welch's t-test (Mean):
    t-statistic:         -1.5287
    p-value (raw):      1.2693e-01
    p-value (FDR-adj):  2.7483e-01
    Significant:        No
  Mann-Whitney U (Rank Sum):
    U-statistic:        498117.5000
    p-value (raw):      8.1550e-02
    p-value (FDR-adj):  2.3300e-01
    Significant:        No

--- PC19 (2.4%) Analysis ---
  Welch's t-test (Mean):
    t-statistic:          1.4378
    p-value (raw):      1.5104e-01
    p-value (FDR-adj):  2.7483e-01
    Significant:        No
  Mann-Whitney U (Rank Sum):
    U-statistic:        545998.0000
    p-value (raw):      2.3637e-01
    p-value (FDR-adj):  3.6365e-01
    Significant:        No

--- PC20 (2.4%) Analysis ---
  Welch's t-test (Mean):
    t-statistic:         -1.1140
    p-value (raw):      2.6578e-01
    p-value (FDR-adj):  3.7968e-01
    Significant:        No
  Mann-Whitney U (Rank Sum):
    U-statistic:        506711.5000
    p-value (raw):      2.2376e-01
    p-value (FDR-adj):  3.6365e-01
    Significant:        No
================================================================================

>>> SUMMARY: SIGNIFICANT PCs (FDR-corrected, alpha = 0.05)
================================================================================

Welch's t-test (Mean Comparison):
   -> 2 significant PC(s) found:
      • PC7 (3.2%): p_raw=4.4843e-23, p_adj=8.9687e-22
      • PC9 (2.9%): p_raw=3.8757e-04, p_adj=3.8757e-03

Mann-Whitney U Test (Rank/Median Comparison):
   -> 3 significant PC(s) found:
      • PC2 (7.4%): p_raw=1.8201e-03, p_adj=1.2134e-02
      • PC7 (3.2%): p_raw=9.9478e-15, p_adj=1.9896e-13
      • PC9 (2.9%): p_raw=1.3157e-05, p_adj=1.3157e-04
                       
MULTIPLE TESTING CORRECTION INFO                        
   -> Total tests per method: 20
   -> FDR method: Benjamini-Hochberg
   -> Significance level: alpha = 0.05
================================================================================
>>> ALL PC ANALYSIS (CLUSTER 3) COMPLETED SUCCESSFULLY.

