>>> ANALYZING ALL PC DISTRIBUTIONS FOR HIGH CONFIDENCE SAMPLES (CLUSTER 2)...
   -> confidence_threshold = 0.95
   -> output_dir = results/06_cluster2_all_pcs_kde_allpcs
   -> Cluster 2 samples: 3083 / 3541
   -> Case samples (Cluster 2): 434
   -> Control samples (Cluster 2): 2649
   -> Total PCs to analyze: 20
   -> Running statistical tests...
   -> Applying FDR correction (Benjamini-Hochberg method) to all tests...
   -> FDR correction complete.
      • Significant by t-test: 3 PC(s)
      • Significant by Mann-Whitney U: 4 PC(s)
================================================================================
                   ALL PC DISTRIBUTION STATISTICS - CLUSTER 2                   
================================================================================

PC1 (39.2%) Statistics:
  AGP3K (n=2649):
    Mean:   0.0060  |  Std:   0.0072
    Min:   -0.0166  |  Max:   0.0216
  CTEPH (n=434):
    Mean:   0.0065  |  Std:   0.0045
    Min:   -0.0075  |  Max:   0.0184
  Difference (CTEPH - AGP3K):   0.0005

PC2 (7.5%) Statistics:
  AGP3K (n=2649):
    Mean:   0.0028  |  Std:   0.0084
    Min:   -0.0307  |  Max:   0.0234
  CTEPH (n=434):
    Mean:   0.0033  |  Std:   0.0044
    Min:   -0.0111  |  Max:   0.0187
  Difference (CTEPH - AGP3K):   0.0005

PC3 (5.2%) Statistics:
  AGP3K (n=2649):
    Mean:   0.0001  |  Std:   0.0026
    Min:   -0.0090  |  Max:   0.0100
  CTEPH (n=434):
    Mean:   0.0002  |  Std:   0.0024
    Min:   -0.0064  |  Max:   0.0061
  Difference (CTEPH - AGP3K):   0.0001

PC4 (4.3%) Statistics:
  AGP3K (n=2649):
    Mean:   0.0000  |  Std:   0.0026
    Min:   -0.0101  |  Max:   0.0102
  CTEPH (n=434):
    Mean:   0.0001  |  Std:   0.0025
    Min:   -0.0062  |  Max:   0.0073
  Difference (CTEPH - AGP3K):   0.0001

PC5 (4.0%) Statistics:
  AGP3K (n=2649):
    Mean:  -0.0001  |  Std:   0.0026
    Min:   -0.0086  |  Max:   0.0111
  CTEPH (n=434):
    Mean:   0.0000  |  Std:   0.0026
    Min:   -0.0075  |  Max:   0.0075
  Difference (CTEPH - AGP3K):   0.0001

PC6 (3.6%) Statistics:
  AGP3K (n=2649):
    Mean:  -0.0001  |  Std:   0.0026
    Min:   -0.0095  |  Max:   0.0107
  CTEPH (n=434):
    Mean:   0.0000  |  Std:   0.0026
    Min:   -0.0069  |  Max:   0.0087
  Difference (CTEPH - AGP3K):   0.0002

PC7 (3.2%) Statistics:
  AGP3K (n=2649):
    Mean:   0.0013  |  Std:   0.0050
    Min:   -0.0133  |  Max:   0.0333
  CTEPH (n=434):
    Mean:  -0.0006  |  Std:   0.0030
    Min:   -0.0084  |  Max:   0.0136
  Difference (CTEPH - AGP3K):  -0.0019

PC8 (3.0%) Statistics:
  AGP3K (n=2649):
    Mean:   0.0003  |  Std:   0.0030
    Min:   -0.0091  |  Max:   0.0127
  CTEPH (n=434):
    Mean:   0.0001  |  Std:   0.0028
    Min:   -0.0086  |  Max:   0.0090
  Difference (CTEPH - AGP3K):  -0.0002

PC9 (2.9%) Statistics:
  AGP3K (n=2649):
    Mean:  -0.0001  |  Std:   0.0043
    Min:   -0.0302  |  Max:   0.0122
  CTEPH (n=434):
    Mean:   0.0006  |  Std:   0.0042
    Min:   -0.0154  |  Max:   0.0099
  Difference (CTEPH - AGP3K):   0.0006

PC10 (2.7%) Statistics:
  AGP3K (n=2649):
    Mean:   0.0005  |  Std:   0.0042
    Min:   -0.0135  |  Max:   0.0226
  CTEPH (n=434):
    Mean:   0.0007  |  Std:   0.0036
    Min:   -0.0082  |  Max:   0.0133
  Difference (CTEPH - AGP3K):   0.0003

PC11 (2.6%) Statistics:
  AGP3K (n=2649):
    Mean:   0.0001  |  Std:   0.0030
    Min:   -0.0111  |  Max:   0.0134
  CTEPH (n=434):
    Mean:  -0.0001  |  Std:   0.0030
    Min:   -0.0073  |  Max:   0.0081
  Difference (CTEPH - AGP3K):  -0.0002

PC12 (2.6%) Statistics:
  AGP3K (n=2649):
    Mean:   0.0000  |  Std:   0.0031
    Min:   -0.0096  |  Max:   0.0120
  CTEPH (n=434):
    Mean:   0.0002  |  Std:   0.0028
    Min:   -0.0076  |  Max:   0.0072
  Difference (CTEPH - AGP3K):   0.0001

PC13 (2.6%) Statistics:
  AGP3K (n=2649):
    Mean:  -0.0001  |  Std:   0.0040
    Min:   -0.0110  |  Max:   0.0169
  CTEPH (n=434):
    Mean:  -0.0001  |  Std:   0.0038
    Min:   -0.0086  |  Max:   0.0147
  Difference (CTEPH - AGP3K):  -0.0000

PC14 (2.5%) Statistics:
  AGP3K (n=2649):
    Mean:   0.0001  |  Std:   0.0041
    Min:   -0.0281  |  Max:   0.0166
  CTEPH (n=434):
    Mean:   0.0000  |  Std:   0.0038
    Min:   -0.0090  |  Max:   0.0129
  Difference (CTEPH - AGP3K):  -0.0001

PC15 (2.4%) Statistics:
  AGP3K (n=2649):
    Mean:   0.0001  |  Std:   0.0039
    Min:   -0.0444  |  Max:   0.0147
  CTEPH (n=434):
    Mean:   0.0003  |  Std:   0.0037
    Min:   -0.0090  |  Max:   0.0129
  Difference (CTEPH - AGP3K):   0.0003

PC16 (2.4%) Statistics:
  AGP3K (n=2649):
    Mean:   0.0000  |  Std:   0.0039
    Min:   -0.0574  |  Max:   0.0122
  CTEPH (n=434):
    Mean:   0.0002  |  Std:   0.0036
    Min:   -0.0117  |  Max:   0.0113
  Difference (CTEPH - AGP3K):   0.0002

PC17 (2.4%) Statistics:
  AGP3K (n=2649):
    Mean:   0.0000  |  Std:   0.0039
    Min:   -0.0129  |  Max:   0.0191
  CTEPH (n=434):
    Mean:   0.0009  |  Std:   0.0037
    Min:   -0.0094  |  Max:   0.0105
  Difference (CTEPH - AGP3K):   0.0009

PC18 (2.4%) Statistics:
  AGP3K (n=2649):
    Mean:   0.0002  |  Std:   0.0038
    Min:   -0.0117  |  Max:   0.0352
  CTEPH (n=434):
    Mean:   0.0003  |  Std:   0.0034
    Min:   -0.0086  |  Max:   0.0118
  Difference (CTEPH - AGP3K):   0.0001

PC19 (2.4%) Statistics:
  AGP3K (n=2649):
    Mean:  -0.0000  |  Std:   0.0039
    Min:   -0.0198  |  Max:   0.0171
  CTEPH (n=434):
    Mean:  -0.0002  |  Std:   0.0036
    Min:   -0.0135  |  Max:   0.0090
  Difference (CTEPH - AGP3K):  -0.0002

PC20 (2.4%) Statistics:
  AGP3K (n=2649):
    Mean:   0.0002  |  Std:   0.0038
    Min:   -0.0161  |  Max:   0.0147
  CTEPH (n=434):
    Mean:   0.0003  |  Std:   0.0035
    Min:   -0.0116  |  Max:   0.0104
  Difference (CTEPH - AGP3K):   0.0000
================================================================================

>>> STATISTICAL TESTING (CTEPH vs AGP3K - Cluster 2) - ALL PCs
>>> FDR Correction Applied: Benjamini-Hochberg Method (alpha=0.05)

--- PC1 (39.2%) Analysis ---
  Welch's t-test (Mean):
    t-statistic:          1.9461
    p-value (raw):      5.1969e-02
    p-value (FDR-adj):  2.5984e-01
    Significant:        No
  Mann-Whitney U (Rank Sum):
    U-statistic:        576546.5000
    p-value (raw):      9.2062e-01
    p-value (FDR-adj):  9.2062e-01
    Significant:        No

--- PC2 (7.5%) Analysis ---
  Welch's t-test (Mean):
    t-statistic:          1.7133
    p-value (raw):      8.6967e-02
    p-value (FDR-adj):  3.4787e-01
    Significant:        No
  Mann-Whitney U (Rank Sum):
    U-statistic:        517673.0000
    p-value (raw):      8.8311e-04
    p-value (FDR-adj):  4.4155e-03
    Significant:        Yes **

--- PC3 (5.2%) Analysis ---
  Welch's t-test (Mean):
    t-statistic:          0.7177
    p-value (raw):      4.7323e-01
    p-value (FDR-adj):  6.3097e-01
    Significant:        No
  Mann-Whitney U (Rank Sum):
    U-statistic:        591196.0000
    p-value (raw):      3.4114e-01
    p-value (FDR-adj):  5.6857e-01
    Significant:        No

--- PC4 (4.3%) Analysis ---
  Welch's t-test (Mean):
    t-statistic:          0.4735
    p-value (raw):      6.3600e-01
    p-value (FDR-adj):  7.4823e-01
    Significant:        No
  Mann-Whitney U (Rank Sum):
    U-statistic:        578997.0000
    p-value (raw):      8.0861e-01
    p-value (FDR-adj):  8.9846e-01
    Significant:        No

--- PC5 (4.0%) Analysis ---
  Welch's t-test (Mean):
    t-statistic:          0.7217
    p-value (raw):      4.7076e-01
    p-value (FDR-adj):  6.3097e-01
    Significant:        No
  Mann-Whitney U (Rank Sum):
    U-statistic:        586849.0000
    p-value (raw):      4.8454e-01
    p-value (FDR-adj):  6.9220e-01
    Significant:        No

--- PC6 (3.6%) Analysis ---
  Welch's t-test (Mean):
    t-statistic:          1.1682
    p-value (raw):      2.4320e-01
    p-value (FDR-adj):  4.4219e-01
    Significant:        No
  Mann-Whitney U (Rank Sum):
    U-statistic:        593203.5000
    p-value (raw):      2.8520e-01
    p-value (FDR-adj):  5.6857e-01
    Significant:        No

--- PC7 (3.2%) Analysis ---
  Welch's t-test (Mean):
    t-statistic:        -11.0009
    p-value (raw):      1.7363e-26
    p-value (FDR-adj):  3.4727e-25
    Significant:        Yes **
  Mann-Whitney U (Rank Sum):
    U-statistic:        430705.0000
    p-value (raw):      5.0798e-17
    p-value (FDR-adj):  1.0160e-15
    Significant:        Yes **

--- PC8 (3.0%) Analysis ---
  Welch's t-test (Mean):
    t-statistic:         -1.5257
    p-value (raw):      1.2761e-01
    p-value (FDR-adj):  4.2537e-01
    Significant:        No
  Mann-Whitney U (Rank Sum):
    U-statistic:        553158.5000
    p-value (raw):      2.0734e-01
    p-value (FDR-adj):  5.1835e-01
    Significant:        No

--- PC9 (2.9%) Analysis ---
  Welch's t-test (Mean):
    t-statistic:          2.9114
    p-value (raw):      3.7338e-03
    p-value (FDR-adj):  2.4892e-02
    Significant:        Yes **
  Mann-Whitney U (Rank Sum):
    U-statistic:        641143.5000
    p-value (raw):      1.1447e-04
    p-value (FDR-adj):  7.6311e-04
    Significant:        Yes **

--- PC10 (2.7%) Analysis ---
  Welch's t-test (Mean):
    t-statistic:          1.4070
    p-value (raw):      1.5992e-01
    p-value (FDR-adj):  4.4219e-01
    Significant:        No
  Mann-Whitney U (Rank Sum):
    U-statistic:        615885.5000
    p-value (raw):      1.6928e-02
    p-value (FDR-adj):  6.7713e-02
    Significant:        No

--- PC11 (2.6%) Analysis ---
  Welch's t-test (Mean):
    t-statistic:         -1.2090
    p-value (raw):      2.2716e-01
    p-value (FDR-adj):  4.4219e-01
    Significant:        No
  Mann-Whitney U (Rank Sum):
    U-statistic:        551084.0000
    p-value (raw):      1.6709e-01
    p-value (FDR-adj):  4.7741e-01
    Significant:        No

--- PC12 (2.6%) Analysis ---
  Welch's t-test (Mean):
    t-statistic:          0.9429
    p-value (raw):      3.4610e-01
    p-value (FDR-adj):  5.7683e-01
    Significant:        No
  Mann-Whitney U (Rank Sum):
    U-statistic:        591967.5000
    p-value (raw):      3.1886e-01
    p-value (FDR-adj):  5.6857e-01
    Significant:        No

--- PC13 (2.6%) Analysis ---
  Welch's t-test (Mean):
    t-statistic:         -0.1944
    p-value (raw):      8.4593e-01
    p-value (FDR-adj):  8.4593e-01
    Significant:        No
  Mann-Whitney U (Rank Sum):
    U-statistic:        572427.5000
    p-value (raw):      8.8873e-01
    p-value (FDR-adj):  9.2062e-01
    Significant:        No

--- PC14 (2.5%) Analysis ---
  Welch's t-test (Mean):
    t-statistic:         -0.3289
    p-value (raw):      7.4234e-01
    p-value (FDR-adj):  8.2483e-01
    Significant:        No
  Mann-Whitney U (Rank Sum):
    U-statistic:        565515.0000
    p-value (raw):      5.8778e-01
    p-value (FDR-adj):  7.8370e-01
    Significant:        No

--- PC15 (2.4%) Analysis ---
  Welch's t-test (Mean):
    t-statistic:          1.3086
    p-value (raw):      1.9117e-01
    p-value (FDR-adj):  4.4219e-01
    Significant:        No
  Mann-Whitney U (Rank Sum):
    U-statistic:        598739.0000
    p-value (raw):      1.6430e-01
    p-value (FDR-adj):  4.7741e-01
    Significant:        No

--- PC16 (2.4%) Analysis ---
  Welch's t-test (Mean):
    t-statistic:          1.2280
    p-value (raw):      2.1991e-01
    p-value (FDR-adj):  4.4219e-01
    Significant:        No
  Mann-Whitney U (Rank Sum):
    U-statistic:        590197.0000
    p-value (raw):      3.7143e-01
    p-value (FDR-adj):  5.7143e-01
    Significant:        No

--- PC17 (2.4%) Analysis ---
  Welch's t-test (Mean):
    t-statistic:          4.6335
    p-value (raw):      4.4088e-06
    p-value (FDR-adj):  4.4088e-05
    Significant:        Yes **
  Mann-Whitney U (Rank Sum):
    U-statistic:        660175.0000
    p-value (raw):      6.8747e-07
    p-value (FDR-adj):  6.8747e-06
    Significant:        Yes **

--- PC18 (2.4%) Analysis ---
  Welch's t-test (Mean):
    t-statistic:          0.5778
    p-value (raw):      5.6362e-01
    p-value (FDR-adj):  7.0453e-01
    Significant:        No
  Mann-Whitney U (Rank Sum):
    U-statistic:        581212.5000
    p-value (raw):      7.1056e-01
    p-value (FDR-adj):  8.8820e-01
    Significant:        No

--- PC19 (2.4%) Analysis ---
  Welch's t-test (Mean):
    t-statistic:         -0.7949
    p-value (raw):      4.2696e-01
    p-value (FDR-adj):  6.3097e-01
    Significant:        No
  Mann-Whitney U (Rank Sum):
    U-statistic:        557777.5000
    p-value (raw):      3.2110e-01
    p-value (FDR-adj):  5.6857e-01
    Significant:        No

--- PC20 (2.4%) Analysis ---
  Welch's t-test (Mean):
    t-statistic:          0.2687
    p-value (raw):      7.8822e-01
    p-value (FDR-adj):  8.2970e-01
    Significant:        No
  Mann-Whitney U (Rank Sum):
    U-statistic:        579359.0000
    p-value (raw):      7.9234e-01
    p-value (FDR-adj):  8.9846e-01
    Significant:        No
================================================================================

>>> SUMMARY: SIGNIFICANT PCs (FDR-corrected, alpha = 0.05)
================================================================================

Welch's t-test (Mean Comparison):
   -> 3 significant PC(s) found:
      • PC7 (3.2%): p_raw=1.7363e-26, p_adj=3.4727e-25
      • PC9 (2.9%): p_raw=3.7338e-03, p_adj=2.4892e-02
      • PC17 (2.4%): p_raw=4.4088e-06, p_adj=4.4088e-05

Mann-Whitney U Test (Rank/Median Comparison):
   -> 4 significant PC(s) found:
      • PC2 (7.5%): p_raw=8.8311e-04, p_adj=4.4155e-03
      • PC7 (3.2%): p_raw=5.0798e-17, p_adj=1.0160e-15
      • PC9 (2.9%): p_raw=1.1447e-04, p_adj=7.6311e-04
      • PC17 (2.4%): p_raw=6.8747e-07, p_adj=6.8747e-06
                       
MULTIPLE TESTING CORRECTION INFO                        
   -> Total tests per method: 20
   -> FDR method: Benjamini-Hochberg
   -> Significance level: alpha = 0.05
================================================================================
>>> ALL PC ANALYSIS (CLUSTER 2) COMPLETED SUCCESSFULLY.

